// Jest Snapshot v1, https://goo.gl/fbAQLP

exports[`CharacterList test snapshot 1`] = `
Array [
  <div
    className="cardMaincontainer"
  >
    <div>
      <div
        className="imageContainer"
      >
        <img
          alt="hekko"
          className="imageCharacterCard"
          src="fge.jpeg"
        />
      </div>
      <div
        className="cardFooter"
      >
        <p
          className="nameCharacter"
        >
          hekko
        </p>
        <button
          className="clickBtnCard"
          type="button"
        >
          <a
            className="detailedLink"
            href="/details/1"
            id={1}
            onClick={[Function]}
          >
            Details
          </a>
        </button>
      </div>
    </div>
  </div>,
  <div
    className="cardMaincontainer"
  >
    <div>
      <div
        className="imageContainer"
      >
        <img
          alt="hekko"
          className="imageCharacterCard"
          src="fllge.jpeg"
        />
      </div>
      <div
        className="cardFooter"
      >
        <p
          className="nameCharacter"
        >
          hekko
        </p>
        <button
          className="clickBtnCard"
          type="button"
        >
          <a
            className="detailedLink"
            href="/details/2"
            id={2}
            onClick={[Function]}
          >
            Details
          </a>
        </button>
      </div>
    </div>
  </div>,
]
`;
